---
source: steks/src/infinity.rs
expression: indices
---
[
    20,
    4,
    15,
    17,
    10,
    19,
    9,
    7,
    10,
    2,
    11,
    5,
    19,
    12,
    18,
    17,
    8,
    8,
    15,
    2,
    10,
    15,
    6,
    1,
    10,
    12,
    19,
    13,
    13,
    2,
    5,
    20,
    13,
    19,
    11,
    10,
    15,
    18,
    19,
    11,
    4,
    9,
    16,
    9,
    4,
    6,
    10,
    15,
    18,
    13,
]
